#ERRORS
